// Vitest Snapshot v1, https://vitest.dev/guide/snapshot.html

exports[`Perplexity E2E Extraction > Chat - Simple Conversation > should generate correct markdown output 1`] = `
"---
id: perplexity_e2e-perplexity-chat-001
title: erplexityのhtml構造をテストするための質問です。「はい」とだけ答えて。
source: perplexity
url: "https://www.perplexity.ai/search/e2e-perplexity-chat-001"
created: "2025-01-01T00:00:00.000Z"
modified: "2025-01-01T00:00:00.000Z"
tags:
  - ai-conversation
  - perplexity
message_count: 6
---

> [!QUESTION] User
> erplexityのhtml構造をテストするための質問です。「はい」とだけ答えて。

> [!NOTE] Perplexity
> はい。[perplexity](https://docs.perplexity.ai/docs/agent-api/presets)​

> [!QUESTION] User
> 次は「いいえ」だけ答えて

> [!NOTE] Perplexity
> いいえ。

> [!QUESTION] User
> LaTeX 形式でいくつか数式を表示して

> [!NOTE] Perplexity
> いくつか代表的な数式を LaTeX 形式で書きます。
> 
> 一次方程式の解の例 2x+3\\=7
> 
> 二次方程式の一般形と解の公式 ax2+bx+c\\=0 x\\=2a−b±b2−4ac
> 
> 三角関数の恒等式 sin2θ+cos2θ\\=1
> 
> 指数・対数の関係 elnx\\=x
> 
> 微分の基本公式 dxdxn\\=nxn−1
> 
> 積分の例 ∫01x2dx\\=31"
`;

exports[`Perplexity E2E Extraction > Deep Research > should generate correct markdown output 1`] = `
"---
id: perplexity_e2e-perplexity-dr-001
title: Perplexity の提供する機能についてまとめてください。
source: perplexity
url: "https://www.perplexity.ai/search/e2e-perplexity-dr-001"
created: "2025-01-01T00:00:00.000Z"
modified: "2025-01-01T00:00:00.000Z"
tags:
  - ai-conversation
  - perplexity
message_count: 2
---

> [!QUESTION] User
> Perplexity の提供する機能についてまとめてください。

> [!NOTE] Perplexity
> Perplexity AI の提供機能をレポートにまとめました。検索モード（Best / Pro Search / Research / Create Files and Apps）、コア機能（モデルセレクター、Model Council、メモリ、ファイル分析）、メディア生成、Spaces、Tasks、MCP 連携、Comet ブラウザ、Computer、そしてサブスクリプションプラン別の比較まで網羅しています。詳細はレポートをご確認ください。"
`;
